// Vitest Snapshot v1, https://vitest.dev/guide/snapshot.html

exports[`create CurrenciesList snapshot 1`] = `
<DocumentFragment>
  <div
    class="currencies-list"
  >
    <button
      class="btn"
    >
      EUR
      <input
        class="checkbox"
        disabled=""
        id="EUR"
        type="checkbox"
      />
      <label
        class="label"
        for="EUR"
      />
    </button>
    <button
      class="btn"
    >
      PLN
      <input
        class="checkbox"
        disabled=""
        id="PLN"
        type="checkbox"
      />
      <label
        class="label"
        for="PLN"
      />
    </button>
    <button
      class="btn"
    >
      GEL
      <input
        class="checkbox"
        disabled=""
        id="GEL"
        type="checkbox"
      />
      <label
        class="label"
        for="GEL"
      />
    </button>
    <button
      class="btn"
    >
      DKK
      <input
        class="checkbox"
        disabled=""
        id="DKK"
        type="checkbox"
      />
      <label
        class="label"
        for="DKK"
      />
    </button>
    <button
      class="btn"
    >
      CZK
      <input
        class="checkbox"
        disabled=""
        id="CZK"
        type="checkbox"
      />
      <label
        class="label"
        for="CZK"
      />
    </button>
    <button
      class="btn"
    >
      GBP
      <input
        class="checkbox"
        disabled=""
        id="GBP"
        type="checkbox"
      />
      <label
        class="label"
        for="GBP"
      />
    </button>
    <button
      class="btn"
    >
      SEC
      <input
        class="checkbox"
        disabled=""
        id="SEC"
        type="checkbox"
      />
      <label
        class="label"
        for="SEC"
      />
    </button>
    <button
      class="btn"
    >
      USD
      <input
        class="checkbox"
        disabled=""
        id="USD"
        type="checkbox"
      />
      <label
        class="label"
        for="USD"
      />
    </button>
    <button
      class="btn"
    >
      RUB
      <input
        class="checkbox"
        disabled=""
        id="RUB"
        type="checkbox"
      />
      <label
        class="label"
        for="RUB"
      />
    </button>
  </div>
</DocumentFragment>
`;

exports[`create a snapshot 1`] = `
<DocumentFragment>
  <div
    class="currencies-list"
  >
    <button
      class="btn"
    >
      EUR
      <input
        class="checkbox"
        disabled=""
        id="EUR"
        type="checkbox"
      />
      <label
        class="label"
        for="EUR"
      />
    </button>
    <button
      class="btn"
    >
      PLN
      <input
        class="checkbox"
        disabled=""
        id="PLN"
        type="checkbox"
      />
      <label
        class="label"
        for="PLN"
      />
    </button>
    <button
      class="btn"
    >
      GEL
      <input
        class="checkbox"
        disabled=""
        id="GEL"
        type="checkbox"
      />
      <label
        class="label"
        for="GEL"
      />
    </button>
    <button
      class="btn"
    >
      DKK
      <input
        class="checkbox"
        disabled=""
        id="DKK"
        type="checkbox"
      />
      <label
        class="label"
        for="DKK"
      />
    </button>
    <button
      class="btn"
    >
      CZK
      <input
        class="checkbox"
        disabled=""
        id="CZK"
        type="checkbox"
      />
      <label
        class="label"
        for="CZK"
      />
    </button>
    <button
      class="btn"
    >
      GBP
      <input
        class="checkbox"
        disabled=""
        id="GBP"
        type="checkbox"
      />
      <label
        class="label"
        for="GBP"
      />
    </button>
    <button
      class="btn"
    >
      SEC
      <input
        class="checkbox"
        disabled=""
        id="SEC"
        type="checkbox"
      />
      <label
        class="label"
        for="SEC"
      />
    </button>
    <button
      class="btn"
    >
      USD
      <input
        class="checkbox"
        disabled=""
        id="USD"
        type="checkbox"
      />
      <label
        class="label"
        for="USD"
      />
    </button>
    <button
      class="btn"
    >
      RUB
      <input
        class="checkbox"
        disabled=""
        id="RUB"
        type="checkbox"
      />
      <label
        class="label"
        for="RUB"
      />
    </button>
  </div>
</DocumentFragment>
`;
